AREA .  .ABS.
	RADIX HEX
	BASE 0000
	SIZE 0000
	ATTRIB ABS OVR
	GLOBALS
		l__HEAP	0000
		l__BSEG	0000
		l_.  .ABS.	0000
		l__GSFINAL	0000
		l__ISEG	0000
		s_.  .ABS.	0000
		s__HEADER	0000
		l__XSEG	0000
		.init	0000
		l__OVERLAY	0000
		l__LIT	0000
		l__GSINITTAIL	0001
		l__BSS	005B
		l__CODE_5	0098
		l__BASE	01DA
		l__HEADER	01E1
		s__CODE	0200
		l__HOME	0312
		l__DATA	031B
		l__GSINIT	03AF
		l__CODE_8	04DA
		l__CODE_1	0671
		l__CODE	12F7
		s__HOME	14F7
		l__CODE_4	1686
		s__BASE	1809
		s__LIT	19E3
		s__GSINIT	19E3
		s__GSINITTAIL	1D92
		s__GSFINAL	1D93
		l__CODE_3	2518
		l__CODE_6	3FF9
		s__CODE_1	4000
		s__CODE_3	4000
		s__CODE_4	4000
		s__CODE_5	4000
		s__CODE_6	4000
		s__CODE_8	4000
		.OAM	C000
		s__DATA	C0A0
		s__BSS	C3BB
		s__HEAP	C416
		s__BSEG	C416
		s__ISEG	C416
		s__XSEG	C416
		s__OVERLAY	C416
		.STACK	E000
		.refresh_OAM	FF80
AREA _CODE
	RADIX HEX
	BASE 0200
	SIZE 12F7
	ATTRIB REL CON
	GLOBALS
		_SetBankedBkgData	0200
		_SetBankedBkgTiles	0222
		_SetBankedWinTiles	024C
		_SetBankedSpriteData	0276
		_ReadBankedUBYTE	0298
		_ReadBankedUBYTEArray	02B1
		_ReadBankedUWORD	02E7
		_StrCpyBanked	0332
		_ReadBankedBankPtr	0364
		_MusicPlay	039E
		_MusicStop	0414
		_main	042A
		_game_loop	05EB
		_ClampUBYTE	0692
		_StackPush	06AE
		_StackPop	06CD
		_FadeInit	06EC
		_FadeIn	0708
		_FadeOut	072D
		_FadeUpdate	076C
		_FadeSetSpeed	07F2
		_IsFading	0803
		_SceneInit	0808
		_SceneUpdate	08D2
		_SceneSetEmote	08E4
		_SceneIsEmoting	0901
		_SceneCameraAtDest	0918
		_PushBank	092F
		_PopBank	0945
		_UIInit	096D
		_ui_cursor_tiles	097F
		_ui_bg_tiles	0980
		_UIUpdate	0981
		_UIDrawFrame	0993
		_UIDrawDialogueFrame	09B8
		_UIDrawText	09CA
		_UIDrawTextBkg	0A2B
		_UIShowText	0A8C
		_UIShowChoice	0B6E
		_UISetTextBuffer	0BAF
		_UIDrawTextBuffer	0BE0
		_UIDrawTextBufferChar	0BF4
		_UISetPos	0E18
		_UIMoveTo	0E2F
		_UIIsClosed	0E5C
		_UIOnInteract	0E87
		_UIAtDest	0F5B
		_UISetColor	0F88
		_ScriptStart	0FA2
		_ScriptRunnerUpdate	1000
		_ScriptLastFnComplete	1101
		_SpritesReset	1257
		gbt_get_pattern_ptr	1282
		_gbt_play	129F
		_gbt_pause	135A
		_gbt_loop	1366
		_gbt_stop	136D
		_gbt_enable_channels	1378
		_gbt_update	137F
		_rand	1484
		_randw	1484
		__mulschar_rrx_s	14AF
		__mulschar_rrx_hds	14B6
		__muluchar_rrx_s	14C2
		__mulsint_rrx_s	14CF
		__muluint_rrx_s	14CF
		__mulsint_rrx_hds	14DB
		__muluint_rrx_hds	14DB
		__muluchar_rrx_hds	14DB
AREA _HEADER
	RADIX HEX
	BASE 0000
	SIZE 01E1
	ATTRIB ABS OVR
	GLOBALS
		_exit	01D2
AREA _HOME
	RADIX HEX
	BASE 14F7
	SIZE 0312
	ATTRIB REL CON
	GLOBALS
		.set_mode	14F7
		.remove_VBL	1507
		.remove_LCD	150D
		.remove_TIM	1513
		.remove_SIO	1519
		.remove_JOY	151F
		.add_VBL	1525
		.add_LCD	152B
		.add_TIM	1531
		.add_SIO	1537
		.add_JOY	153D
		.remove_int	1543
		.add_int	1563
		.wait_vbl_done	157F
		_wait_vbl_done	157F
		_display_off	1596
		.display_off	1596
		.serial_IO	15B7
		_mode	15E6
		_get_mode	15EF
		_enable_interrupts	15F4
		_disable_interrupts	15F6
		_reset	15F8
		.reset	15F8
		_set_interrupts	15FE
		_remove_VBL	1609
		_remove_LCD	1614
		_remove_TIM	161F
		_remove_SIO	162A
		_remove_JOY	1635
		_add_VBL	1640
		_add_LCD	164B
		_add_TIM	1656
		_add_SIO	1661
		_add_JOY	166C
		_clock	1677
		__printTStates	1680
		banked_call	1681
		banked_ret	169A
		__initrleblock	16A3
		_strcpy	16CA
		_memcpy	16FD
		_strcmp	1742
		_strcat	179A
		_strlen	17E3
AREA _BASE
	RADIX HEX
	BASE 1809
	SIZE 01DA
	ATTRIB REL CON
	GLOBALS
		.set_sprite_prop	1809
		_set_sprite_prop	1816
		_initrand	1821
		.initrand	1823
		.mv_sprite	182C
		_move_sprite	183B
		_set_win_tiles	1848
		_set_win_data	185C
		_set_bkg_data	185C
		_set_sprite_data	18A9
		.padup	18D8
		_waitpadup	18D8
		.jpad	18E8
		.wait_pad	1915
		_joypad	191C
		_waitpad	1921
		.set_sprite_tile	192B
		_set_sprite_tile	1938
		.copy_vram	1943
		_get_data	1952
		_set_data	1952
		_set_bkg_tiles	1965
		.set_xy_wtt	1979
		.set_xy_btt	198A
		.set_xy_tt	1999
		_set_tiles	19CA
AREA _LIT
	RADIX HEX
	BASE 19E3
	SIZE 0000
	ATTRIB REL CON
AREA _GSINIT
	RADIX HEX
	BASE 19E3
	SIZE 03AF
	ATTRIB REL CON
	GLOBALS
		gsinit	19E3
AREA _GSINITTAIL
	RADIX HEX
	BASE 1D92
	SIZE 0001
	ATTRIB REL CON
AREA _GSFINAL
	RADIX HEX
	BASE 1D93
	SIZE 0000
	ATTRIB REL CON
AREA _DATA
	RADIX HEX
	BASE C0A0
	SIZE 031B
	ATTRIB REL CON
	GLOBALS
		_current_index	C0A0
		_music_track_0_Data	C0A1
		_joy	C0AB
		_prev_joy	C0AC
		_time	C0AD
		_actor_move_settings	C0AE
		_actor_move_dest	C0AF
		_stage_type	C0B1
		_stage_next_type	C0B2
		_script_continue	C0B3
		_script_action_complete	C0B4
		_script_actor	C0B5
		_scriptrunner_bank	C0B6
		_map_next_pos	C0C0
		_map_next_dir	C0C2
		_actors	C0C4
		_triggers	C169
		_scene_index	C1C3
		_scene_next_index	C1C5
		_await_input	C1C7
		_camera_dest	C1C8
		_camera_settings	C1CA
		_camera_speed	C1CB
		_wait_time	C1CC
		_shake_time	C1CD
		_scene_width	C1CE
		_scene_height	C1CF
		_bank_stack	C1D0
		_ui_bank	C1DB
		_scene_bank	C1DC
		_image_index	C1DD
		_tileset_index	C1DF
		_scene_load_col_ptr	C1E0
		_collision_tiles_len	C1E2
		_col_bank	C1E3
		_events_ptr	C1E4
		_bank_ptr	C1E7
		_scene_num_actors	C1EA
		_scene_num_triggers	C1EB
		_emote_type	C1EC
		_emote_timer	C1ED
		_emote_actor	C1EE
		_scene_col_tiles	C1EF
		_camera_moved	C26F
		_directions	C270
		_update_dir	C27A
		_win_pos_x	C27C
		_win_pos_y	C27D
		_win_dest_pos_x	C27E
		_win_dest_pos_y	C27F
		_win_speed	C280
		_text_x	C281
		_text_y	C282
		_text_drawn	C283
		_text_count	C284
		_text_wait	C285
		_choice_enabled	C286
		_choice_index	C287
		_choice_flag	C288
		_text_lines	C28A
		_script_ptr_bank	C2DA
		_script_ptr	C2DB
		_script_start_ptr	C2DD
		_script_cmd_args	C2DF
		_script_cmd_args_len	C2E5
		_last_fn	C2E6
		_script_cmds	C2E8
		_bank_data_ptrs	C366
		_music_tracks	C374
		_script_variables	C378
		gbt_playing	C37B
		gbt_song	C37C
		gbt_bank	C37E
		gbt_speed	C37F
		gbt_temp_play_data	C380
		gbt_loop_enabled	C38C
		gbt_ticks_elapsed	C38D
		gbt_current_step	C38E
		gbt_current_pattern	C38F
		gbt_current_step_data_ptr	C390
		gbt_channels_enabled	C392
		gbt_pan	C393
		gbt_vol	C397
		gbt_instr	C39B
		gbt_freq	C39F
		gbt_channel3_loaded_instrument	C3A5
		gbt_arpeggio_freq_index	C3A6
		gbt_arpeggio_enabled	C3AF
		gbt_arpeggio_tick	C3B2
		gbt_cut_note_tick	C3B5
		gbt_have_to_stop_next_step	C3B9
		gbt_update_pattern_pointers	C3BA
AREA _BSS
	RADIX HEX
	BASE C3BB
	SIZE 005B
	ATTRIB REL CON
	GLOBALS
		__cpu	C3BB
		.mode	C3BC
		__io_out	C3BD
		__io_in	C3BE
		__io_status	C3BF
		.vbl_done	C3C0
		__current_bank	C3C1
		_sys_time	C3C2
		.sys_time	C3C2
		.int_0x40	C3C4
		.int_0x48	C3D4
		.int_0x50	C3E4
		.int_0x58	C3F4
		.int_0x60	C404
		.randhi	C414
		.randlo	C415
AREA _HEAP
	RADIX HEX
	BASE C416
	SIZE 0000
	ATTRIB REL CON
	GLOBALS
		_malloc_heap_start	C416
AREA _OVERLAY
	RADIX HEX
	BASE C416
	SIZE 0000
	ATTRIB REL CON
AREA _ISEG
	RADIX HEX
	BASE C416
	SIZE 0000
	ATTRIB REL CON
AREA _BSEG
	RADIX HEX
	BASE C416
	SIZE 0000
	ATTRIB REL CON
AREA _XSEG
	RADIX HEX
	BASE C416
	SIZE 0000
	ATTRIB REL CON
AREA _CODE_8
	RADIX HEX
	BASE 4000
	SIZE 04DA
	ATTRIB REL CON
	GLOBALS
		_music_track_00	4000
		_music_track_01	4118
		_music_track_02	4262
		_music_track_03	43AB
AREA _CODE_4
	RADIX HEX
	BASE 4000
	SIZE 1686
	ATTRIB REL CON
	GLOBALS
		_Script_Noop_b	4000
		_Script_End_b	4011
		_Script_Text_b	401F
		_Script_Goto_b	4066
		_Script_IfFlag_b	40A6
		_Script_IfValue_b	412B
		_Script_SetFlag_b	4288
		_Script_ClearFlag_b	42D2
		_Script_ActorSetDir_b	431C
		_Script_ActorActivate_b	43DD
		_Script_CameraMoveTo_b	43FB
		_Script_CameraLock_b	445D
		_Script_Wait_b	4502
		_Script_FadeOut_b	4520
		_Script_FadeIn_b	4545
		_Script_LoadScene_b	456A
		_Script_ActorSetPos_b	467E
		_Script_ActorMoveTo_b	4700
		_Script_ShowSprites_b	4763
		_Script_HideSprites_b	4793
		_Script_ActorShow_b	47C3
		_Script_ActorHide_b	47F7
		_Script_ActorSetEmote_b	482B
		_Script_CameraShake_b	4856
		_Script_ShowOverlay_b	4874
		_Script_HideOverlay_b	48CC
		_Script_OverlaySetPos_b	48EB
		_Script_OverlayMoveTo_b	4928
		_Script_AwaitInput_b	497E
		_Script_MusicPlay_b	499C
		_Script_MusicStop_b	49CD
		_Script_ResetVariables_b	49EE
		_Script_NextFrame_b	4A28
		_Script_IncFlag_b	4A3E
		_Script_DecFlag_b	4A9C
		_Script_SetFlagValue_b	4AF8
		_Script_IfInput_b	4B4F
		_Script_Choice_b	4BB0
		_Script_PlayerSetSprite_b	4C35
		_Script_ActorPush_b	4D6B
		_Script_IfActorPos_b	4EF3
		_UIInit_b	4FC2
		_ui_frame_tl_tiles	5054
		_ui_frame_bl_tiles	5055
		_ui_frame_tr_tiles	5056
		_ui_frame_br_tiles	5057
		_ui_frame_t_tiles	5058
		_ui_frame_b_tiles	5059
		_ui_frame_l_tiles	505A
		_ui_frame_r_tiles	505B
		_ui_frame_bg_tiles	505C
		_ui_colors	505D
		_ui_white	532D
		_ui_black	533D
		_UIUpdate_b	534D
		_UIDrawFrame_b	541D
		_UIDrawDialogueFrame_b	5550
		_UISetColor_b	5641
AREA _CODE_3
	RADIX HEX
	BASE 4000
	SIZE 2518
	ATTRIB REL CON
	GLOBALS
		_SceneInit_b1	4000
		_emote_offsets	4022
		_dir_up	405A
		_dir_down	405C
		_dir_left	405E
		_dir_right	4060
		_dir_none	4062
		_SceneInit_b2	4064
		_SceneInit_b3	484C
		_SceneInit_b4	484D
		_SceneInit_b5	484E
		_SceneInit_b6	484F
		_SceneInit_b7	4972
		_SceneInit_b8	4A43
		_SceneInit_b9	4A91
		_SceneUpdate_b	4CDB
		_SceneHandleWait	4CFD
		_SceneHandleTransition	4D19
		_SceneUpdateCamera_b	4D47
		_SceneUpdateActors_b	4F1B
		_SceneUpdateActorMovement_b	56EF
		_SceneHandleTriggers_b	5909
		_SceneUpdateCameraShake_b	59CD
		_SceneUpdateEmoteBubble_b	59E9
		_SceneRender	5C65
		_SceneRenderCameraShake_b	5C6F
		_SceneRenderActors_b	5C9A
		_SceneRenderEmoteBubble_b	61B1
		_ScenePlayerAt_b	626F
		_SceneNpcAt_b	62D7
		_SceneTriggerAt_b	639C
		_SceneSetEmote_b	6446
		_SceneIsEmoting_b	64BD
		_SceneCameraAtDest_b	64C9
AREA _CODE_5
	RADIX HEX
	BASE 4000
	SIZE 0098
	ATTRIB REL CON
	GLOBALS
		_tileset_bank_ptrs	4000
		_background_bank_ptrs	4006
		_sprite_bank_ptrs	401B
		_scene_bank_ptrs	4045
		_string_bank_ptrs	405A
		_music_banks	4096
AREA _CODE_6
	RADIX HEX
	BASE 4000
	SIZE 3FF9
	ATTRIB REL CON
	GLOBALS
		_bank_6_data	4000
AREA _CODE_1
	RADIX HEX
	BASE 4000
	SIZE 0671
	ATTRIB REL CON
	GLOBALS
		gbt_channel_1_handle	412C
		gbt_channel_2_handle	4283
		gbt_channel_3_handle	43D6
		gbt_channel_4_handle	4548
		gbt_update_bank1	4638
		gbt_update_effects_bank1	4654
MODULES
	FILE /var/folders/1l/vzzbntdx3sxgzy97n2vcphvh0000gn/T//_gbs/gbdk/lib/small/asxxxx/gb/crt0.o
		NAME Runtime
	FILE obj/BankData.o
		NAME lcc390100
	FILE obj/MusicManager.o
		NAME lcc390140
	FILE obj/music/music_track_0.o
		NAME lcc390180
	FILE obj/game.o
		NAME lcc390220
	FILE obj/Math.o
		NAME lcc390260
	FILE obj/ScriptRunner_b.o
		NAME lcc390300
	FILE obj/Stack.o
		NAME lcc390340
	FILE obj/FadeManager.o
		NAME lcc390380
	FILE obj/Scene.o
		NAME lcc390420
	FILE obj/BankManager.o
		NAME lcc390460
	FILE obj/UI_b.o
		NAME lcc390500
	FILE obj/Scene_b.o
		NAME lcc390540
	FILE obj/UI.o
		NAME lcc390580
	FILE obj/ScriptRunner.o
		NAME lcc390620
	FILE obj/data/data_ptrs.o
		NAME lcc390660
	FILE obj/data/bank_6.o
		NAME lcc390700
	FILE obj/SpriteHelpers.o
		NAME lcc390740
	FILE obj/gbt_player.o
	FILE obj/gbt_player_bank1.o
LIBRARIES
	LIBRARY /var/folders/1l/vzzbntdx3sxgzy97n2vcphvh0000gn/T//_gbs/gbdk/lib/small/asxxxx/gbz80/gbz80.lib
		MODULE crt0_rle.o
	LIBRARY /var/folders/1l/vzzbntdx3sxgzy97n2vcphvh0000gn/T//_gbs/gbdk/lib/small/asxxxx/gb/gb.lib
		MODULE set_prop.o
	LIBRARY /var/folders/1l/vzzbntdx3sxgzy97n2vcphvh0000gn/T//_gbs/gbdk/lib/small/asxxxx/gb/gb.lib
		MODULE rand.o
	LIBRARY /var/folders/1l/vzzbntdx3sxgzy97n2vcphvh0000gn/T//_gbs/gbdk/lib/small/asxxxx/gbz80/gbz80.lib
		MODULE string.o
	LIBRARY /var/folders/1l/vzzbntdx3sxgzy97n2vcphvh0000gn/T//_gbs/gbdk/lib/small/asxxxx/gb/gb.lib
		MODULE mv_spr.o
	LIBRARY /var/folders/1l/vzzbntdx3sxgzy97n2vcphvh0000gn/T//_gbs/gbdk/lib/small/asxxxx/gb/gb.lib
		MODULE set_wi_t.o
	LIBRARY /var/folders/1l/vzzbntdx3sxgzy97n2vcphvh0000gn/T//_gbs/gbdk/lib/small/asxxxx/gbz80/gbz80.lib
		MODULE mul.o
	LIBRARY /var/folders/1l/vzzbntdx3sxgzy97n2vcphvh0000gn/T//_gbs/gbdk/lib/small/asxxxx/gb/gb.lib
		MODULE set_data.o
	LIBRARY /var/folders/1l/vzzbntdx3sxgzy97n2vcphvh0000gn/T//_gbs/gbdk/lib/small/asxxxx/gb/gb.lib
		MODULE pad.o
	LIBRARY /var/folders/1l/vzzbntdx3sxgzy97n2vcphvh0000gn/T//_gbs/gbdk/lib/small/asxxxx/gb/gb.lib
		MODULE set_spr.o
	LIBRARY /var/folders/1l/vzzbntdx3sxgzy97n2vcphvh0000gn/T//_gbs/gbdk/lib/small/asxxxx/gbz80/gbz80.lib
		MODULE strcat.o
	LIBRARY /var/folders/1l/vzzbntdx3sxgzy97n2vcphvh0000gn/T//_gbs/gbdk/lib/small/asxxxx/gbz80/gbz80.lib
		MODULE strlen.o
	LIBRARY /var/folders/1l/vzzbntdx3sxgzy97n2vcphvh0000gn/T//_gbs/gbdk/lib/small/asxxxx/gb/gb.lib
		MODULE cpy_data.o
	LIBRARY /var/folders/1l/vzzbntdx3sxgzy97n2vcphvh0000gn/T//_gbs/gbdk/lib/small/asxxxx/gb/gb.lib
		MODULE set_bk_t.o
	LIBRARY /var/folders/1l/vzzbntdx3sxgzy97n2vcphvh0000gn/T//_gbs/gbdk/lib/small/asxxxx/gb/gb.lib
		MODULE set_xy_t.o
USERBASEDEF
	_CODE=0x0200
	_DATA=0xC0A0
	_CODE_1=0x4000
	_CODE_2=0x4000
	_CODE_3=0x4000
	_CODE_4=0x4000
	_CODE_5=0x4000
	_CODE_6=0x4000
	_CODE_7=0x4000
	_CODE_8=0x4000
	_CODE_9=0x4000
	_CODE_10=0x4000
	_CODE_11=0x4000
	_CODE_12=0x4000
	_CODE_13=0x4000
	_CODE_14=0x4000
	_CODE_15=0x4000
	_CODE_16=0x4000
	_CODE_17=0x4000
	_CODE_18=0x4000
	_CODE_19=0x4000
	_CODE_20=0x4000
	_CODE_21=0x4000
	_CODE_22=0x4000
	_CODE_23=0x4000
	_CODE_24=0x4000
	_CODE_25=0x4000
	_CODE_26=0x4000
	_CODE_27=0x4000
	_CODE_28=0x4000
	_CODE_29=0x4000
	_CODE_30=0x4000
	_CODE_31=0x4000
	_DATA_0=0xA000
	_DATA_1=0xA000
	_DATA_2=0xA000
	_DATA_3=0xA000
USERGLOBALDEF
	.OAM=0xC000
	.STACK=0xE000
	.refresh_OAM=0xFF80
	.init=0x0000
